PS C:\Users\Christopher Susie> e:
PS E:\> cd .\vcpkg\vcpkg_v2\vcpkg\
PS E:\vcpkg\vcpkg_v2\vcpkg> ./vcpkg search cjm-numerics
cjm-numerics-uint128 0.0.0.5-alpha    a header-only library for C++ 20 that provides an unsigned 128-bit integer.

If your library is not listed, please open an issue at and/or consider making a pull request:
    https://github.com/Microsoft/vcpkg/issues
PS E:\vcpkg\vcpkg_v2\vcpkg> ./vcpkg install cjm-numerics:x86-windows
Computing installation plan...
Error: while loading port `cjm-numerics`: Port definition not found
PS E:\vcpkg\vcpkg_v2\vcpkg> ./vcpkg install cjm-numerics-uint128:x86-windows
Computing installation plan...
The following packages will be built and installed:
    cjm-numerics-uint128[core]:x86-windows -> 0.0.0.5-alpha
Detecting compiler hash for triplet x86-windows...
Could not locate cached archive: C:\Users\Christopher Susie\AppData\Local\vcpkg\archives\26\260780e84091435a90145f39dd7a0422605d97bd.zip
Starting package 1/1: cjm-numerics-uint128:x86-windows
Building package cjm-numerics-uint128[core]:x86-windows...
-- Downloading https://github.com/cpsusie/cjm-numerics/archive/v0.0.0.5-alpha.tar.gz...
-- Extracting source E:/vcpkg/vcpkg_v2/vcpkg/downloads/cpsusie-cjm-numerics-v0.0.0.5-alpha.tar.gz
-- Using source at E:/vcpkg/vcpkg_v2/vcpkg/buildtrees/cjm-numerics-uint128/src/.0.5-alpha-61a7fe8d85.clean
-- Configuring x86-windows
-- Up-to-date: E:/vcpkg/vcpkg_v2/vcpkg/packages/cjm-numerics-uint128_x86-windows/include/
-- Installing: E:/vcpkg/vcpkg_v2/vcpkg/packages/cjm-numerics-uint128_x86-windows/include//cjm
-- Installing: E:/vcpkg/vcpkg_v2/vcpkg/packages/cjm-numerics-uint128_x86-windows/include//cjm/numerics
-- Installing: E:/vcpkg/vcpkg_v2/vcpkg/packages/cjm-numerics-uint128_x86-windows/include//cjm/numerics/cjm_configuration.hpp
-- Installing: E:/vcpkg/vcpkg_v2/vcpkg/packages/cjm-numerics-uint128_x86-windows/include//cjm/numerics/cjm_numeric_concepts.hpp
-- Installing: E:/vcpkg/vcpkg_v2/vcpkg/packages/cjm-numerics-uint128_x86-windows/include//cjm/numerics/fixed_uint_container.hpp
-- Installing: E:/vcpkg/vcpkg_v2/vcpkg/packages/cjm-numerics-uint128_x86-windows/include//cjm/numerics/fixed_uint_container_math.hpp
-- Installing: E:/vcpkg/vcpkg_v2/vcpkg/packages/cjm-numerics-uint128_x86-windows/include//cjm/numerics/numerics.hpp
-- Installing: E:/vcpkg/vcpkg_v2/vcpkg/packages/cjm-numerics-uint128_x86-windows/include//cjm/numerics/numerics.inl
-- Installing: E:/vcpkg/vcpkg_v2/vcpkg/packages/cjm-numerics-uint128_x86-windows/include//cjm/numerics/numerics_configuration.hpp
-- Installing: E:/vcpkg/vcpkg_v2/vcpkg/packages/cjm-numerics-uint128_x86-windows/include//cjm/numerics/numerics_configuration.inl
-- Installing: E:/vcpkg/vcpkg_v2/vcpkg/packages/cjm-numerics-uint128_x86-windows/include//cjm/numerics/uint128.hpp
-- Installing: E:/vcpkg/vcpkg_v2/vcpkg/packages/cjm-numerics-uint128_x86-windows/include//cjm/numerics/uint128.inl
-- Installing: E:/vcpkg/vcpkg_v2/vcpkg/packages/cjm-numerics-uint128_x86-windows/include//cjm/string
-- Installing: E:/vcpkg/vcpkg_v2/vcpkg/packages/cjm-numerics-uint128_x86-windows/include//cjm/string/cjm_string.hpp
-- Installing: E:/vcpkg/vcpkg_v2/vcpkg/packages/cjm-numerics-uint128_x86-windows/include//cjm/string/cjm_string.inl
-- Installing: E:/vcpkg/vcpkg_v2/vcpkg/packages/cjm-numerics-uint128_x86-windows/include//cjm/string/istream_utils.hpp
-- Installing: E:/vcpkg/vcpkg_v2/vcpkg/packages/cjm-numerics-uint128_x86-windows/share/cjm-numerics-uint128/copyright
-- Installing: E:/vcpkg/vcpkg_v2/vcpkg/packages/cjm-numerics-uint128_x86-windows/share/cjm-numerics-uint128/NOTICES.txt
-- Installing: E:/vcpkg/vcpkg_v2/vcpkg/packages/cjm-numerics-uint128_x86-windows/share/cjm-numerics-uint128/NOTICES.md
-- Installing: E:/vcpkg/vcpkg_v2/vcpkg/packages/cjm-numerics-uint128_x86-windows/share/cjm-numerics-uint128/README.md
-- Performing post-build validation
-- Performing post-build validation done
Stored binary cache: C:\Users\Christopher Susie\AppData\Local\vcpkg\archives\26\260780e84091435a90145f39dd7a0422605d97bd.zip
Building package cjm-numerics-uint128[core]:x86-windows... done
Installing package cjm-numerics-uint128[core]:x86-windows...
Installing package cjm-numerics-uint128[core]:x86-windows... done
Elapsed time for package cjm-numerics-uint128:x86-windows: 12.65 s

Total elapsed time: 20.81 s

The package cjm-numerics-uint128:x86-windows is header only and can be used from CMake via:

    find_path(CJM_NUMERICS_UINT128_INCLUDE_DIRS "cjm/numerics/cjm_configuration.hpp")
    target_include_directories(main PRIVATE ${CJM_NUMERICS_UINT128_INCLUDE_DIRS})

PS E:\vcpkg\vcpkg_v2\vcpkg> ./vcpkg install cjm-numerics-uint128:x64-windows
Computing installation plan...
The following packages will be built and installed:
    cjm-numerics-uint128[core]:x64-windows -> 0.0.0.5-alpha
Detecting compiler hash for triplet x64-windows...
Could not locate cached archive: C:\Users\Christopher Susie\AppData\Local\vcpkg\archives\6e\6e18682a054a38f4ff85b4ee1ae44f1e22148783.zip
Starting package 1/1: cjm-numerics-uint128:x64-windows
Building package cjm-numerics-uint128[core]:x64-windows...
-- Using cached E:/vcpkg/vcpkg_v2/vcpkg/downloads/cpsusie-cjm-numerics-v0.0.0.5-alpha.tar.gz
-- Cleaning sources at E:/vcpkg/vcpkg_v2/vcpkg/buildtrees/cjm-numerics-uint128/src/.0.5-alpha-61a7fe8d85.clean. Use --editable to skip cleaning for the packages you specify.
-- Extracting source E:/vcpkg/vcpkg_v2/vcpkg/downloads/cpsusie-cjm-numerics-v0.0.0.5-alpha.tar.gz
-- Using source at E:/vcpkg/vcpkg_v2/vcpkg/buildtrees/cjm-numerics-uint128/src/.0.5-alpha-61a7fe8d85.clean
-- Configuring x64-windows
-- Up-to-date: E:/vcpkg/vcpkg_v2/vcpkg/packages/cjm-numerics-uint128_x64-windows/include/
-- Installing: E:/vcpkg/vcpkg_v2/vcpkg/packages/cjm-numerics-uint128_x64-windows/include//cjm
-- Installing: E:/vcpkg/vcpkg_v2/vcpkg/packages/cjm-numerics-uint128_x64-windows/include//cjm/numerics
-- Installing: E:/vcpkg/vcpkg_v2/vcpkg/packages/cjm-numerics-uint128_x64-windows/include//cjm/numerics/cjm_configuration.hpp
-- Installing: E:/vcpkg/vcpkg_v2/vcpkg/packages/cjm-numerics-uint128_x64-windows/include//cjm/numerics/cjm_numeric_concepts.hpp
-- Installing: E:/vcpkg/vcpkg_v2/vcpkg/packages/cjm-numerics-uint128_x64-windows/include//cjm/numerics/fixed_uint_container.hpp
-- Installing: E:/vcpkg/vcpkg_v2/vcpkg/packages/cjm-numerics-uint128_x64-windows/include//cjm/numerics/fixed_uint_container_math.hpp
-- Installing: E:/vcpkg/vcpkg_v2/vcpkg/packages/cjm-numerics-uint128_x64-windows/include//cjm/numerics/numerics.hpp
-- Installing: E:/vcpkg/vcpkg_v2/vcpkg/packages/cjm-numerics-uint128_x64-windows/include//cjm/numerics/numerics.inl
-- Installing: E:/vcpkg/vcpkg_v2/vcpkg/packages/cjm-numerics-uint128_x64-windows/include//cjm/numerics/numerics_configuration.hpp
-- Installing: E:/vcpkg/vcpkg_v2/vcpkg/packages/cjm-numerics-uint128_x64-windows/include//cjm/numerics/numerics_configuration.inl
-- Installing: E:/vcpkg/vcpkg_v2/vcpkg/packages/cjm-numerics-uint128_x64-windows/include//cjm/numerics/uint128.hpp
-- Installing: E:/vcpkg/vcpkg_v2/vcpkg/packages/cjm-numerics-uint128_x64-windows/include//cjm/numerics/uint128.inl
-- Installing: E:/vcpkg/vcpkg_v2/vcpkg/packages/cjm-numerics-uint128_x64-windows/include//cjm/string
-- Installing: E:/vcpkg/vcpkg_v2/vcpkg/packages/cjm-numerics-uint128_x64-windows/include//cjm/string/cjm_string.hpp
-- Installing: E:/vcpkg/vcpkg_v2/vcpkg/packages/cjm-numerics-uint128_x64-windows/include//cjm/string/cjm_string.inl
-- Installing: E:/vcpkg/vcpkg_v2/vcpkg/packages/cjm-numerics-uint128_x64-windows/include//cjm/string/istream_utils.hpp
-- Installing: E:/vcpkg/vcpkg_v2/vcpkg/packages/cjm-numerics-uint128_x64-windows/share/cjm-numerics-uint128/copyright
-- Installing: E:/vcpkg/vcpkg_v2/vcpkg/packages/cjm-numerics-uint128_x64-windows/share/cjm-numerics-uint128/NOTICES.txt
-- Installing: E:/vcpkg/vcpkg_v2/vcpkg/packages/cjm-numerics-uint128_x64-windows/share/cjm-numerics-uint128/NOTICES.md
-- Installing: E:/vcpkg/vcpkg_v2/vcpkg/packages/cjm-numerics-uint128_x64-windows/share/cjm-numerics-uint128/README.md
-- Performing post-build validation
-- Performing post-build validation done
Stored binary cache: C:\Users\Christopher Susie\AppData\Local\vcpkg\archives\6e\6e18682a054a38f4ff85b4ee1ae44f1e22148783.zip
Building package cjm-numerics-uint128[core]:x64-windows... done
Installing package cjm-numerics-uint128[core]:x64-windows...
Installing package cjm-numerics-uint128[core]:x64-windows... done
Elapsed time for package cjm-numerics-uint128:x64-windows: 6.198 s

Total elapsed time: 10.12 s

The package cjm-numerics-uint128:x64-windows is header only and can be used from CMake via:

    find_path(CJM_NUMERICS_UINT128_INCLUDE_DIRS "cjm/numerics/cjm_configuration.hpp")
    target_include_directories(main PRIVATE ${CJM_NUMERICS_UINT128_INCLUDE_DIRS})

PS E:\vcpkg\vcpkg_v2\vcpkg>